// Jest Snapshot v1, https://goo.gl/fbAQLP

exports[`<App /> renders correctly 1`] = `
<View
  style={
    Object {
      "alignItems": "center",
      "backgroundColor": "#fff",
      "flex": 1,
      "justifyContent": "center",
    }
  }
>
  <View>
    <Text>
      Kao Expo Typescript Template
    </Text>
    <Text>
      Open up App.tsx to start working on your app!
    </Text>
  </View>
</View>
`;
